------------------------------------------------------------
TimeQuest Timing Analyzer Summary
------------------------------------------------------------

Type  : Slow 1200mV 85C Model Setup 'u0|system_pll|sd1|pll7|clk[0]'
Slack : 1.082
TNS   : 0.000

Type  : Slow 1200mV 85C Model Setup 'MAX10_CLK1_50'
Slack : 14.891
TNS   : 0.000

Type  : Slow 1200mV 85C Model Setup 'altera_reserved_tck'
Slack : 44.961
TNS   : 0.000

Type  : Slow 1200mV 85C Model Setup 'u0|system_pll|sd1|pll7|clk[3]'
Slack : 89.530
TNS   : 0.000

Type  : Slow 1200mV 85C Model Hold 'u0|system_pll|sd1|pll7|clk[0]'
Slack : 0.257
TNS   : 0.000

Type  : Slow 1200mV 85C Model Hold 'u0|system_pll|sd1|pll7|clk[3]'
Slack : 0.322
TNS   : 0.000

Type  : Slow 1200mV 85C Model Hold 'MAX10_CLK1_50'
Slack : 0.341
TNS   : 0.000

Type  : Slow 1200mV 85C Model Hold 'altera_reserved_tck'
Slack : 0.341
TNS   : 0.000

Type  : Slow 1200mV 85C Model Recovery 'u0|system_pll|sd1|pll7|clk[0]'
Slack : 3.173
TNS   : 0.000

Type  : Slow 1200mV 85C Model Recovery 'MAX10_CLK1_50'
Slack : 16.684
TNS   : 0.000

Type  : Slow 1200mV 85C Model Recovery 'altera_reserved_tck'
Slack : 47.526
TNS   : 0.000

Type  : Slow 1200mV 85C Model Recovery 'u0|system_pll|sd1|pll7|clk[3]'
Slack : 95.610
TNS   : 0.000

Type  : Slow 1200mV 85C Model Removal 'MAX10_CLK1_50'
Slack : 0.540
TNS   : 0.000

Type  : Slow 1200mV 85C Model Removal 'altera_reserved_tck'
Slack : 1.389
TNS   : 0.000

Type  : Slow 1200mV 85C Model Removal 'u0|system_pll|sd1|pll7|clk[3]'
Slack : 2.940
TNS   : 0.000

Type  : Slow 1200mV 85C Model Removal 'u0|system_pll|sd1|pll7|clk[0]'
Slack : 4.582
TNS   : 0.000

Type  : Slow 1200mV 85C Model Minimum Pulse Width 'u0|system_pll|sd1|pll7|clk[0]'
Slack : 4.620
TNS   : 0.000

Type  : Slow 1200mV 85C Model Minimum Pulse Width 'MAX10_CLK1_50'
Slack : 9.642
TNS   : 0.000

Type  : Slow 1200mV 85C Model Minimum Pulse Width 'MAX10_CLK2_50'
Slack : 16.000
TNS   : 0.000

Type  : Slow 1200mV 85C Model Minimum Pulse Width 'altera_reserved_tck'
Slack : 49.624
TNS   : 0.000

Type  : Slow 1200mV 85C Model Minimum Pulse Width 'u0|system_pll|sd1|pll7|clk[3]'
Slack : 49.675
TNS   : 0.000

Type  : Slow 1200mV 85C Model Minimum Pulse Width 'ADC_CLK_10'
Slack : 96.000
TNS   : 0.000

Type  : Slow 1200mV 0C Model Setup 'u0|system_pll|sd1|pll7|clk[0]'
Slack : 1.727
TNS   : 0.000

Type  : Slow 1200mV 0C Model Setup 'MAX10_CLK1_50'
Slack : 15.224
TNS   : 0.000

Type  : Slow 1200mV 0C Model Setup 'altera_reserved_tck'
Slack : 45.330
TNS   : 0.000

Type  : Slow 1200mV 0C Model Setup 'u0|system_pll|sd1|pll7|clk[3]'
Slack : 90.266
TNS   : 0.000

Type  : Slow 1200mV 0C Model Hold 'u0|system_pll|sd1|pll7|clk[0]'
Slack : 0.256
TNS   : 0.000

Type  : Slow 1200mV 0C Model Hold 'u0|system_pll|sd1|pll7|clk[3]'
Slack : 0.290
TNS   : 0.000

Type  : Slow 1200mV 0C Model Hold 'altera_reserved_tck'
Slack : 0.306
TNS   : 0.000

Type  : Slow 1200mV 0C Model Hold 'MAX10_CLK1_50'
Slack : 0.307
TNS   : 0.000

Type  : Slow 1200mV 0C Model Recovery 'u0|system_pll|sd1|pll7|clk[0]'
Slack : 3.717
TNS   : 0.000

Type  : Slow 1200mV 0C Model Recovery 'MAX10_CLK1_50'
Slack : 16.905
TNS   : 0.000

Type  : Slow 1200mV 0C Model Recovery 'altera_reserved_tck'
Slack : 47.724
TNS   : 0.000

Type  : Slow 1200mV 0C Model Recovery 'u0|system_pll|sd1|pll7|clk[3]'
Slack : 95.980
TNS   : 0.000

Type  : Slow 1200mV 0C Model Removal 'MAX10_CLK1_50'
Slack : 0.495
TNS   : 0.000

Type  : Slow 1200mV 0C Model Removal 'altera_reserved_tck'
Slack : 1.280
TNS   : 0.000

Type  : Slow 1200mV 0C Model Removal 'u0|system_pll|sd1|pll7|clk[3]'
Slack : 2.647
TNS   : 0.000

Type  : Slow 1200mV 0C Model Removal 'u0|system_pll|sd1|pll7|clk[0]'
Slack : 4.174
TNS   : 0.000

Type  : Slow 1200mV 0C Model Minimum Pulse Width 'u0|system_pll|sd1|pll7|clk[0]'
Slack : 4.632
TNS   : 0.000

Type  : Slow 1200mV 0C Model Minimum Pulse Width 'MAX10_CLK1_50'
Slack : 9.658
TNS   : 0.000

Type  : Slow 1200mV 0C Model Minimum Pulse Width 'MAX10_CLK2_50'
Slack : 16.000
TNS   : 0.000

Type  : Slow 1200mV 0C Model Minimum Pulse Width 'altera_reserved_tck'
Slack : 49.651
TNS   : 0.000

Type  : Slow 1200mV 0C Model Minimum Pulse Width 'u0|system_pll|sd1|pll7|clk[3]'
Slack : 49.690
TNS   : 0.000

Type  : Slow 1200mV 0C Model Minimum Pulse Width 'ADC_CLK_10'
Slack : 96.000
TNS   : 0.000

Type  : Fast 1200mV 0C Model Setup 'u0|system_pll|sd1|pll7|clk[0]'
Slack : 6.050
TNS   : 0.000

Type  : Fast 1200mV 0C Model Setup 'MAX10_CLK1_50'
Slack : 17.671
TNS   : 0.000

Type  : Fast 1200mV 0C Model Setup 'altera_reserved_tck'
Slack : 48.045
TNS   : 0.000

Type  : Fast 1200mV 0C Model Setup 'u0|system_pll|sd1|pll7|clk[3]'
Slack : 95.408
TNS   : 0.000

Type  : Fast 1200mV 0C Model Hold 'u0|system_pll|sd1|pll7|clk[0]'
Slack : 0.112
TNS   : 0.000

Type  : Fast 1200mV 0C Model Hold 'u0|system_pll|sd1|pll7|clk[3]'
Slack : 0.140
TNS   : 0.000

Type  : Fast 1200mV 0C Model Hold 'altera_reserved_tck'
Slack : 0.148
TNS   : 0.000

Type  : Fast 1200mV 0C Model Hold 'MAX10_CLK1_50'
Slack : 0.149
TNS   : 0.000

Type  : Fast 1200mV 0C Model Recovery 'u0|system_pll|sd1|pll7|clk[0]'
Slack : 6.707
TNS   : 0.000

Type  : Fast 1200mV 0C Model Recovery 'MAX10_CLK1_50'
Slack : 18.363
TNS   : 0.000

Type  : Fast 1200mV 0C Model Recovery 'altera_reserved_tck'
Slack : 49.103
TNS   : 0.000

Type  : Fast 1200mV 0C Model Recovery 'u0|system_pll|sd1|pll7|clk[3]'
Slack : 97.808
TNS   : 0.000

Type  : Fast 1200mV 0C Model Removal 'MAX10_CLK1_50'
Slack : 0.240
TNS   : 0.000

Type  : Fast 1200mV 0C Model Removal 'altera_reserved_tck'
Slack : 0.595
TNS   : 0.000

Type  : Fast 1200mV 0C Model Removal 'u0|system_pll|sd1|pll7|clk[3]'
Slack : 1.445
TNS   : 0.000

Type  : Fast 1200mV 0C Model Removal 'u0|system_pll|sd1|pll7|clk[0]'
Slack : 2.189
TNS   : 0.000

Type  : Fast 1200mV 0C Model Minimum Pulse Width 'u0|system_pll|sd1|pll7|clk[0]'
Slack : 4.712
TNS   : 0.000

Type  : Fast 1200mV 0C Model Minimum Pulse Width 'MAX10_CLK1_50'
Slack : 9.306
TNS   : 0.000

Type  : Fast 1200mV 0C Model Minimum Pulse Width 'MAX10_CLK2_50'
Slack : 16.000
TNS   : 0.000

Type  : Fast 1200mV 0C Model Minimum Pulse Width 'altera_reserved_tck'
Slack : 49.418
TNS   : 0.000

Type  : Fast 1200mV 0C Model Minimum Pulse Width 'u0|system_pll|sd1|pll7|clk[3]'
Slack : 49.712
TNS   : 0.000

Type  : Fast 1200mV 0C Model Minimum Pulse Width 'ADC_CLK_10'
Slack : 96.000
TNS   : 0.000

------------------------------------------------------------
